// Jest Snapshot v1, https://goo.gl/fbAQLP

exports[`test slides component match snapshot 1`] = `
<View
  style={
    Array [
      Object {
        "alignItems": "center",
        "justifyContent": "center",
      },
      undefined,
    ]
  }
>
  <View>
    <Text />
  </View>
  <Image
    source={
      Object {
        "uri": undefined,
      }
    }
  />
</View>
`;
