// Jest Snapshot v1, https://goo.gl/fbAQLP

exports[`test slider page design and functionality match snapshot 1`] = `
<RCTSafeAreaView
  emulateUnlessSupported={true}
  style={
    Object {
      "alignItems": "center",
      "backgroundColor": "#ffffff",
      "flex": 1,
      "marginTop": "40%",
    }
  }
>
  <RCTScrollView
    contentContainerStyle={
      Object {
        "borderRadius": 5,
        "borderWidth": 1,
        "height": 370,
        "width": 220,
      }
    }
    refreshControl={
      <RefreshControlMock
        onRefresh={[Function]}
        refreshing={false}
      />
    }
  >
    <RCTRefreshControl />
    <View>
      <View>
        <View
          style={
            Array [
              Object {
                "alignItems": "center",
                "justifyContent": "center",
              },
              Object {
                "height": 340,
                "width": "100%",
              },
            ]
          }
        >
          <RCTScrollView
            data={Array []}
            disableVirtualization={false}
            getItem={[Function]}
            getItemCount={[Function]}
            horizontal={true}
            initialNumToRender={10}
            keyExtractor={[Function]}
            maxToRenderPerBatch={10}
            onContentSizeChange={[Function]}
            onEndReachedThreshold={2}
            onLayout={[Function]}
            onMomentumScrollEnd={[Function]}
            onScroll={[Function]}
            onScrollBeginDrag={[Function]}
            onScrollEndDrag={[Function]}
            onViewableItemsChanged={[Function]}
            removeClippedSubviews={false}
            renderItem={[Function]}
            scrollEventThrottle={50}
            showsHorizontalScrollIndicator={false}
            stickyHeaderIndices={Array []}
            updateCellsBatchingPeriod={50}
            viewabilityConfig={
              Object {
                "itemVisiblePercentThreshold": 75,
                "waitForInteraction": true,
              }
            }
            viewabilityConfigCallbackPairs={
              Array [
                Object {
                  "onViewableItemsChanged": [Function],
                  "viewabilityConfig": Object {
                    "itemVisiblePercentThreshold": 75,
                    "waitForInteraction": true,
                  },
                },
              ]
            }
            windowSize={21}
          >
            <View />
          </RCTScrollView>
        </View>
        <View
          style={
            Object {
              "flexDirection": "row",
              "height": 30,
              "justifyContent": "center",
              "width": "100%",
            }
          }
        />
      </View>
    </View>
  </RCTScrollView>
</RCTSafeAreaView>
`;
